#
# There is insufficient memory for the Java Runtime Environment to continue.
# Native memory allocation (mmap) failed to map 266338304 bytes. Error detail: G1 virtual space
# Possible reasons:
#   The system is out of physical RAM or swap space
#   This process is running with CompressedOops enabled, and the Java Heap may be blocking the growth of the native heap
# Possible solutions:
#   Reduce memory load on the system
#   Increase physical memory or swap space
#   Check if swap backing store is full
#   Decrease Java heap size (-Xmx/-Xms)
#   Decrease number of Java threads
#   Decrease Java thread stack sizes (-Xss)
#   Set larger code cache with -XX:ReservedCodeCacheSize=
#   JVM is running with Zero Based Compressed Oops mode in which the Java heap is
#     placed in the first 32GB address space. The Java Heap base address is the
#     maximum limit for the native heap growth. Please use -XX:HeapBaseMinAddress
#     to set the Java Heap base and to place the Java Heap above 32GB virtual address.
# This output file may be truncated or incomplete.
#
#  Out of Memory Error (os_windows.cpp:3564), pid=61240, tid=42740
#
# JRE version:  (24.0.1+9) (build )
# Java VM: Java HotSpot(TM) 64-Bit Server VM (24.0.1+9-30, mixed mode, sharing, tiered, compressed oops, compressed class ptrs, g1 gc, windows-amd64)
# No core dump will be written. Minidumps are not enabled by default on client versions of Windows
#

---------------  S U M M A R Y ------------

Command Line: -Dnet.bytebuddy.agent.attacher.dump= net.bytebuddy.agent.Attacher com.sun.tools.attach.VirtualMachine 54584 C:\Users\drank\.m2\repository\net\bytebuddy\byte-buddy-agent\1.17.7\byte-buddy-agent-1.17.7.jar false 

Host: Intel(R) Core(TM) i7-8850H CPU @ 2.60GHz, 12 cores, 15G,  Windows 11 , 64 bit Build 26100 (10.0.26100.8737)
Time: Sun Jul  5 23:19:35 2026 Central Europe Daylight Time elapsed time: 2.036805 seconds (0d 0h 0m 2s)

---------------  T H R E A D  ---------------

Current thread (0x0000022151a62bb0):  JavaThread "Unknown thread" [_thread_in_vm, id=42740, stack(0x0000007fc0d00000,0x0000007fc0e00000) (1024K)]

Stack: [0x0000007fc0d00000,0x0000007fc0e00000]
Native frames: (J=compiled Java code, j=interpreted, Vv=VM code, C=native code)
V  [jvm.dll+0x730739]  (no source info available)
V  [jvm.dll+0x8d9b23]  (no source info available)
V  [jvm.dll+0x8dc00d]  (no source info available)
V  [jvm.dll+0x8dc683]  (no source info available)
V  [jvm.dll+0x2aa086]  (no source info available)
V  [jvm.dll+0x72cc65]  (no source info available)
V  [jvm.dll+0x72059a]  (no source info available)
V  [jvm.dll+0x390cea]  (no source info available)
V  [jvm.dll+0x3989f6]  (no source info available)
V  [jvm.dll+0x38523e]  (no source info available)
V  [jvm.dll+0x3854f8]  (no source info available)
V  [jvm.dll+0x35d0cc]  (no source info available)
V  [jvm.dll+0x35dd8d]  (no source info available)
V  [jvm.dll+0x89d28f]  (no source info available)
V  [jvm.dll+0x3f985d]  (no source info available)
V  [jvm.dll+0x8858e6]  (no source info available)
V  [jvm.dll+0x495f3e]  (no source info available)
V  [jvm.dll+0x497d11]  (no source info available)
C  [jli.dll+0x52a1]  (no source info available)
C  [ucrtbase.dll+0x2cd30]  (no source info available)
C  [KERNEL32.DLL+0x2e957]  (no source info available)
C  [ntdll.dll+0xaad6c]  (no source info available)

Lock stack of current Java thread (top to bottom):


---------------  P R O C E S S  ---------------

Threads class SMR info:
_java_thread_list=0x00007fff413bf318, length=0, elements={
}

Java Threads: ( => current thread )
Total: 0

Other Threads:
  0x0000022153ec6650 WorkerThread "GC Thread#0"                     [id=62152, stack(0x0000007fc0e00000,0x0000007fc0f00000) (1024K)]
  0x0000022153edb1f0 ConcurrentGCThread "G1 Main Marker"            [id=15320, stack(0x0000007fc0f00000,0x0000007fc1000000) (1024K)]
  0x0000022153edcbf0 WorkerThread "G1 Conc#0"                       [id=13388, stack(0x0000007fc1000000,0x0000007fc1100000) (1024K)]

[error occurred during error reporting (printing all threads), id 0xc0000005, EXCEPTION_ACCESS_VIOLATION (0xc0000005) at pc=0x00007fff40af14ea]
VM state: not at safepoint (not fully initialized)

VM Mutex/Monitor currently owned by a thread:  ([mutex/lock_event])
[0x00007fff414445b0] Heap_lock - owner thread: 0x0000022151a62bb0

Heap address: 0x0000000703c00000, size: 4036 MB, Compressed Oops mode: Zero based, Oop shift amount: 3

CDS archive(s) mapped at: [0x0000000000000000-0x0000000000000000-0x0000000000000000), size 0, SharedBaseAddress: 0x0000000800000000, ArchiveRelocationMode: 1.
UseCompressedClassPointers 1, UseCompactObjectHeaders 0
Narrow klass pointer bits 32, Max shift 3
Narrow klass base: 0xffffffffffffffff, Narrow klass shift: -1
Encoding Range: [0xffffffffffffffff - 0x000000007fffffff), (2147483648 bytes)
Klass Range:    [0x0000000000000000 - 0x0000000000000000), (0 bytes)
Klass ID Range:  [4294967295 - 0) (1)

GC Precious Log:
 CardTable entry size: 512
 Card Set container configuration: InlinePtr #cards 4 size 8 Array Of Cards #cards 16 size 48 Howl #buckets 8 coarsen threshold 3686 Howl Bitmap #cards 512 size 80 coarsen threshold 460 Card regions per heap region 1 cards per card region 4096

Heap:
 garbage-first heap   total reserved 4132864K, committed 0K, used 0K [0x0000000703c00000, 0x0000000800000000)
  region size 2048K, 0 young (0K), 0 survivors (0K)

[error occurred during error reporting (printing heap information), id 0xc0000005, EXCEPTION_ACCESS_VIOLATION (0xc0000005) at pc=0x00007fff40f0e3e9]
GC Heap History (0 events):
No events

Dll operation events (1 events):
Event: 0.014 Loaded shared library c:\Program Files\Java\jdk-24\bin\java.dll

Deoptimization events (0 events):
No events

Classes loaded (0 events):
No events

Classes unloaded (0 events):
No events

Classes redefined (0 events):
No events

Internal exceptions (0 events):
No events

VM Operations (0 events):
No events

Memory protections (0 events):
No events

Nmethod flushes (0 events):
No events

Events (0 events):
No events


Dynamic libraries:
0x00007ff6084b0000 - 0x00007ff6084c0000 	c:\Program Files\Java\jdk-24\bin\java.exe
0x00007fffb6340000 - 0x00007fffb65a6000 	C:\WINDOWS\SYSTEM32\ntdll.dll
0x00007fffb5220000 - 0x00007fffb52e9000 	C:\WINDOWS\System32\KERNEL32.DLL
0x00007fffb3820000 - 0x00007fffb3c20000 	C:\WINDOWS\System32\KERNELBASE.dll
0x00007fffb36c0000 - 0x00007fffb380c000 	C:\WINDOWS\System32\ucrtbase.dll
0x00007fffa0f60000 - 0x00007fffa0f7b000 	c:\Program Files\Java\jdk-24\bin\VCRUNTIME140.dll
0x00007fffa07b0000 - 0x00007fffa07c6000 	c:\Program Files\Java\jdk-24\bin\jli.dll
0x00007fffb52f0000 - 0x00007fffb54b7000 	C:\WINDOWS\System32\USER32.dll
0x00007fff9afd0000 - 0x00007fff9b262000 	C:\WINDOWS\WinSxS\amd64_microsoft.windows.common-controls_6595b64144ccf1df_6.0.26100.8737_none_3e092eaee333b772\COMCTL32.dll
0x00007fffb3690000 - 0x00007fffb36b7000 	C:\WINDOWS\System32\win32u.dll
0x00007fffb4280000 - 0x00007fffb4329000 	C:\WINDOWS\System32\msvcrt.dll
0x00007fffb4f20000 - 0x00007fffb4f4b000 	C:\WINDOWS\System32\GDI32.dll
0x00007fffb3560000 - 0x00007fffb3689000 	C:\WINDOWS\System32\gdi32full.dll
0x00007fffb3d80000 - 0x00007fffb3e23000 	C:\WINDOWS\System32\msvcp_win.dll
0x00007fffb4f50000 - 0x00007fffb4f82000 	C:\WINDOWS\System32\IMM32.DLL
0x00007fffac0a0000 - 0x00007fffac0ac000 	c:\Program Files\Java\jdk-24\bin\vcruntime140_1.dll
0x00007fff9f860000 - 0x00007fff9f8ee000 	c:\Program Files\Java\jdk-24\bin\msvcp140.dll
0x00007fff40780000 - 0x00007fff41522000 	c:\Program Files\Java\jdk-24\bin\server\jvm.dll
0x00007fffb4e00000 - 0x00007fffb4eb7000 	C:\WINDOWS\System32\ADVAPI32.dll
0x00007fffb4fc0000 - 0x00007fffb506a000 	C:\WINDOWS\System32\sechost.dll
0x00007fffb5100000 - 0x00007fffb5218000 	C:\WINDOWS\System32\RPCRT4.dll
0x00007fffb5070000 - 0x00007fffb50f0000 	C:\WINDOWS\System32\WS2_32.dll
0x00007fffb33c0000 - 0x00007fffb341e000 	C:\WINDOWS\SYSTEM32\POWRPROF.dll
0x00007fffa35b0000 - 0x00007fffa35bb000 	C:\WINDOWS\SYSTEM32\VERSION.dll
0x00007fff9f270000 - 0x00007fff9f2a6000 	C:\WINDOWS\SYSTEM32\WINMM.dll
0x00007fffb33a0000 - 0x00007fffb33b4000 	C:\WINDOWS\SYSTEM32\UMPDC.dll
0x00007fffb2200000 - 0x00007fffb221b000 	C:\WINDOWS\SYSTEM32\kernel.appcore.dll
0x00007fffa54f0000 - 0x00007fffa54fa000 	c:\Program Files\Java\jdk-24\bin\jimage.dll
0x00007fffb0c50000 - 0x00007fffb0e92000 	C:\WINDOWS\SYSTEM32\DBGHELP.DLL
0x00007fffb47c0000 - 0x00007fffb4b43000 	C:\WINDOWS\System32\combase.dll
0x00007fffb46e0000 - 0x00007fffb47b9000 	C:\WINDOWS\System32\OLEAUT32.dll
0x00007fff891a0000 - 0x00007fff891db000 	C:\WINDOWS\SYSTEM32\dbgcore.DLL
0x00007fffb3c30000 - 0x00007fffb3cdc000 	C:\WINDOWS\System32\bcryptPrimitives.dll
0x00007fff9f840000 - 0x00007fff9f85e000 	c:\Program Files\Java\jdk-24\bin\java.dll
0x00007fffb4bd0000 - 0x00007fffb4d69000 	C:\WINDOWS\System32\ole32.dll
0x00007fffb5980000 - 0x00007fffb6112000 	C:\WINDOWS\System32\SHELL32.dll

JVMTI agents: none

dbghelp: loaded successfully - version: 4.0.5 - missing functions: none
symbol engine: initialized successfully - sym options: 0x614 - pdb path: .;c:\Program Files\Java\jdk-24\bin;C:\WINDOWS\SYSTEM32;C:\WINDOWS\WinSxS\amd64_microsoft.windows.common-controls_6595b64144ccf1df_6.0.26100.8737_none_3e092eaee333b772;c:\Program Files\Java\jdk-24\bin\server

VM Arguments:
jvm_args: -Dnet.bytebuddy.agent.attacher.dump= 
java_command: net.bytebuddy.agent.Attacher com.sun.tools.attach.VirtualMachine 54584 C:\Users\drank\.m2\repository\net\bytebuddy\byte-buddy-agent\1.17.7\byte-buddy-agent-1.17.7.jar false 
java_class_path (initial): C:\Users\drank\.m2\repository\net\bytebuddy\byte-buddy-agent\1.17.7\byte-buddy-agent-1.17.7.jar
Launcher Type: SUN_STANDARD

[Global flags]
     intx CICompilerCount                          = 4                                         {product} {ergonomic}
     uint ConcGCThreads                            = 3                                         {product} {ergonomic}
     uint G1ConcRefinementThreads                  = 10                                        {product} {ergonomic}
   size_t G1HeapRegionSize                         = 2097152                                   {product} {ergonomic}
   size_t InitialHeapSize                          = 266338304                                 {product} {ergonomic}
   size_t MarkStackSize                            = 4194304                                   {product} {ergonomic}
   size_t MarkStackSizeMax                         = 536870912                                 {product} {ergonomic}
   size_t MaxHeapSize                              = 4232052736                                {product} {ergonomic}
   size_t MinHeapDeltaBytes                        = 2097152                                   {product} {ergonomic}
   size_t MinHeapSize                              = 8388608                                   {product} {ergonomic}
    uintx NonNMethodCodeHeapSize                   = 5832704                                {pd product} {ergonomic}
    uintx NonProfiledCodeHeapSize                  = 122945536                              {pd product} {ergonomic}
    uintx ProfiledCodeHeapSize                     = 122880000                              {pd product} {ergonomic}
    uintx ReservedCodeCacheSize                    = 251658240                              {pd product} {ergonomic}
     bool SegmentedCodeCache                       = true                                      {product} {ergonomic}
   size_t SoftMaxHeapSize                          = 4232052736                             {manageable} {ergonomic}
     bool UseCompressedOops                        = true                           {product lp64_product} {ergonomic}
     bool UseG1GC                                  = true                                      {product} {ergonomic}
     bool UseLargePagesIndividualAllocation        = false                                  {pd product} {ergonomic}

Logging:
Log output configuration:
 #0: stdout all=warning uptime,level,tags foldmultilines=false
 #1: stderr all=off uptime,level,tags foldmultilines=false

Environment Variables:
JAVA_HOME=c:\Program Files\Java\jdk-24
PATH=C:\Program Files\ImageMagick-7.1.2-Q16-HDRI;C:\WINDOWS\system32;C:\WINDOWS;C:\WINDOWS\System32\Wbem;C:\WINDOWS\System32\WindowsPowerShell\v1.0\;C:\WINDOWS\System32\OpenSSH\;C:\Users\drank\AppData\Roaming\nvm;C:\Program Files\nodejs;C:\Program Files\Git\cmd;C:\Program Files\dotnet\;C:\Program Files (x86)\NVIDIA Corporation\PhysX\Common;c:\Program Files\Java\jdk-24\bin;C:\Program Files\Docker\Docker\resources\bin;c:\APPS\apache-maven-3.9.11\bin\bin;%LOCALAPPDATA%\Microsoft\WindowsApps;c:\Users\drank\.jbang\bin\;C:\Users\drank\AppData\Local\pnpm;C:\Users\drank\scoop\shims;C:\Users\drank\.jbang\bin;C:\Users\drank\AppData\Local\Programs\Python\Python313\Scripts\;C:\Users\drank\AppData\Local\Programs\Python\Launcher\;C:\Users\drank\.cargo\bin;C:\Users\drank\AppData\Local\Microsoft\WindowsApps;C:\Users\drank\AppData\Local\Programs\Python\Python313\;C:\Users\drank\AppData\Local\Programs\cursor\resources\app\bin;C:\Users\drank\AppData\Local\Programs\Microsoft VS Code\bin;C:\Users\drank\AppData\Local\Programs\Microsoft VS Code Insiders\bin;C:\Users\drank\AppData\Local\Programs\Antigravity\bin;c:\APPS\apache-maven-3.9.11\bin;C:\Users\drank\AppData\Local\Programs\Antigravity\bin;C:\Program Files\JetBrains\IntelliJ IDEA 2025.3\bin;C:\Users\drank\.local\bin;C:\Users\drank\AppData\Local\Programs\Zed\bin;C:\Users\drank\AppData\Local\Programs\Antigravity IDE\bin;C:\Users\drank\AppData\Local\PowerToys\DSCModules\
USERNAME=drank
OS=Windows_NT
PROCESSOR_IDENTIFIER=Intel64 Family 6 Model 158 Stepping 10, GenuineIntel
TMP=C:\Users\drank\AppData\Local\Temp
TEMP=C:\Users\drank\AppData\Local\Temp




Periodic native trim disabled

---------------  S Y S T E M  ---------------

OS:
 Windows 11 , 64 bit Build 26100 (10.0.26100.8737)
OS uptime: 11 days 2:43 hours
Hyper-V role detected

CPU: total 12 (initial active 12) (6 cores per cpu, 2 threads per core) family 6 model 158 stepping 10 microcode 0xf8, cx8, cmov, fxsr, ht, mmx, 3dnowpref, sse, sse2, sse3, ssse3, sse4.1, sse4.2, popcnt, lzcnt, tsc, tscinvbit, avx, avx2, aes, erms, clmul, bmi1, bmi2, rtm, adx, fma, vzeroupper, clflush, clflushopt, hv, rdtscp, f16c
Processor Information for the first 12 processors :
  Max Mhz: 2592, Current Mhz: 2592, Mhz Limit: 2592

Memory: 4k page, system-wide physical 16137M (1201M free)
TotalPageFile size 24329M (AvailPageFile size 101M)
current process WorkingSet (physical memory assigned to process): 14M, peak: 14M
current process commit charge ("private bytes"): 65M, peak: 318M

vm_info: Java HotSpot(TM) 64-Bit Server VM (24.0.1+9-30) for windows-amd64 JRE (24.0.1+9-30), built on 2025-03-05T07:23:45Z with MS VC++ 17.6 (VS2022)

END.
